// Jest Snapshot v1, https://goo.gl/fbAQLP

exports[`SignInForm rendering should render the form 1`] = `
<div
  className="sign-in-form"
>
  <form>
    <div
      className="form-group"
    >
      <input
        className="input-email"
        id="email"
        name="email"
        onChange={[Function]}
        placeholder="email"
        type="text"
        value=""
      />
    </div>
    <div
      className="form-group"
    >
      <input
        className="input-password"
        id="password"
        name="password"
        onChange={[Function]}
        placeholder="password"
        type="password"
        value=""
      />
    </div>
    <div
      className="form-group"
    >
      <input
        className="button"
        disabled={false}
        id="submit"
        name="submit"
        onClick={[Function]}
        type="submit"
        value="Submit"
      />
    </div>
  </form>
</div>
`;
