// Jest Snapshot v1, https://goo.gl/fbAQLP

exports[`AuthenticatedContainer rendering should render without error 1`] = `
<div
  className="authenticated-container"
>
  <nav
    className="nav"
  >
    <div
      className="logo"
    >
      NoteBook2
    </div>
  </nav>
  <div
    className="book-view"
  >
    <h2>
      NoteBook View
    </h2>
  </div>
</div>
`;

exports[`AuthenticatedContainer with a currrentBook set should render the BookView 1`] = `
<div
  className="authenticated-container"
>
  <nav
    className="nav"
  >
    <div
      className="logo"
    >
      NoteBook2
    </div>
  </nav>
  <div
    className="book-view"
  >
    <h2>
      NoteBook View
    </h2>
  </div>
</div>
`;

exports[`AuthenticatedContainer without a currrentBook set should render the BookList 1`] = `
<div
  className="authenticated-container"
>
  <nav
    className="nav"
  >
    <div
      className="logo"
    >
      NoteBook2
    </div>
  </nav>
  <div
    className="book-view"
  >
    <h2>
      NoteBook View
    </h2>
  </div>
</div>
`;
